  Determining projects to restore...
  All projects are up-to-date for restore.
  LocalScout.Domain -> F:\LocalScout 2.0\LocalScout.Domain\bin\Debug\net8.0\LocalScout.Domain.dll
  LocalScout.Application -> F:\LocalScout 2.0\LocalScout.Application\bin\Debug\net8.0\LocalScout.Application.dll
  LocalScout.Infrastructure -> F:\LocalScout 2.0\LocalScout.Infrastructure\bin\Debug\net8.0\LocalScout.Infrastructure.dll
C:\Program Files\dotnet\sdk\9.0.308\Microsoft.Common.CurrentVersion.targets(5093,5): warning MSB3026: Could not copy "F:\LocalScout 2.0\LocalScout.Domain\bin\Debug\net8.0\LocalScout.Domain.dll" to "bin\Debug\net8.0\LocalScout.Domain.dll". Beginning retry 1 in 1000ms. The process cannot access the file 'F:\LocalScout 2.0\LocalScout.Web\bin\Debug\net8.0\LocalScout.Domain.dll' because it is being used by another process. The file is locked by: "LocalScout.Web (20656)" [F:\LocalScout 2.0\LocalScout.Web\LocalScout.Web.csproj]
C:\Program Files\dotnet\sdk\9.0.308\Microsoft.Common.CurrentVersion.targets(5093,5): warning MSB3026: Could not copy "F:\LocalScout 2.0\LocalScout.Infrastructure\bin\Debug\net8.0\LocalScout.Infrastructure.dll" to "bin\Debug\net8.0\LocalScout.Infrastructure.dll". Beginning retry 1 in 1000ms. The process cannot access the file 'F:\LocalScout 2.0\LocalScout.Web\bin\Debug\net8.0\LocalScout.Infrastructure.dll' because it is being used by another process. The file is locked by: "LocalScout.Web (20656)" [F:\LocalScout 2.0\LocalScout.Web\LocalScout.Web.csproj]
C:\Program Files\dotnet\sdk\9.0.308\Microsoft.Common.CurrentVersion.targets(5093,5): warning MSB3026: Could not copy "F:\LocalScout 2.0\LocalScout.Application\bin\Debug\net8.0\LocalScout.Application.dll" to "bin\Debug\net8.0\LocalScout.Application.dll". Beginning retry 1 in 1000ms. The process cannot access the file 'F:\LocalScout 2.0\LocalScout.Web\bin\Debug\net8.0\LocalScout.Application.dll' because it is being used by another process. The file is locked by: "LocalScout.Web (20656)" [F:\LocalScout 2.0\LocalScout.Web\LocalScout.Web.csproj]
C:\Program Files\dotnet\sdk\9.0.308\Microsoft.Common.CurrentVersion.targets(5093,5): warning MSB3026: Could not copy "F:\LocalScout 2.0\LocalScout.Application\bin\Debug\net8.0\LocalScout.Application.dll" to "bin\Debug\net8.0\LocalScout.Application.dll". Beginning retry 2 in 1000ms. The process cannot access the file 'F:\LocalScout 2.0\LocalScout.Web\bin\Debug\net8.0\LocalScout.Application.dll' because it is being used by another process. The file is locked by: "LocalScout.Web (20656)" [F:\LocalScout 2.0\LocalScout.Web\LocalScout.Web.csproj]
C:\Program Files\dotnet\sdk\9.0.308\Microsoft.Common.CurrentVersion.targets(5093,5): warning MSB3026: Could not copy "F:\LocalScout 2.0\LocalScout.Infrastructure\bin\Debug\net8.0\LocalScout.Infrastructure.dll" to "bin\Debug\net8.0\LocalScout.Infrastructure.dll". Beginning retry 2 in 1000ms. The process cannot access the file 'F:\LocalScout 2.0\LocalScout.Web\bin\Debug\net8.0\LocalScout.Infrastructure.dll' because it is being used by another process. The file is locked by: "LocalScout.Web (20656)" [F:\LocalScout 2.0\LocalScout.Web\LocalScout.Web.csproj]
C:\Program Files\dotnet\sdk\9.0.308\Microsoft.Common.CurrentVersion.targets(5093,5): warning MSB3026: Could not copy "F:\LocalScout 2.0\LocalScout.Domain\bin\Debug\net8.0\LocalScout.Domain.dll" to "bin\Debug\net8.0\LocalScout.Domain.dll". Beginning retry 2 in 1000ms. The process cannot access the file 'F:\LocalScout 2.0\LocalScout.Web\bin\Debug\net8.0\LocalScout.Domain.dll' because it is being used by another process. The file is locked by: "LocalScout.Web (20656)" [F:\LocalScout 2.0\LocalScout.Web\LocalScout.Web.csproj]
C:\Program Files\dotnet\sdk\9.0.308\Microsoft.Common.CurrentVersion.targets(5093,5): warning MSB3026: Could not copy "F:\LocalScout 2.0\LocalScout.Domain\bin\Debug\net8.0\LocalScout.Domain.dll" to "bin\Debug\net8.0\LocalScout.Domain.dll". Beginning retry 3 in 1000ms. The process cannot access the file 'F:\LocalScout 2.0\LocalScout.Web\bin\Debug\net8.0\LocalScout.Domain.dll' because it is being used by another process. The file is locked by: "LocalScout.Web (20656)" [F:\LocalScout 2.0\LocalScout.Web\LocalScout.Web.csproj]
C:\Program Files\dotnet\sdk\9.0.308\Microsoft.Common.CurrentVersion.targets(5093,5): warning MSB3026: Could not copy "F:\LocalScout 2.0\LocalScout.Application\bin\Debug\net8.0\LocalScout.Application.dll" to "bin\Debug\net8.0\LocalScout.Application.dll". Beginning retry 3 in 1000ms. The process cannot access the file 'F:\LocalScout 2.0\LocalScout.Web\bin\Debug\net8.0\LocalScout.Application.dll' because it is being used by another process. The file is locked by: "LocalScout.Web (20656)" [F:\LocalScout 2.0\LocalScout.Web\LocalScout.Web.csproj]
C:\Program Files\dotnet\sdk\9.0.308\Microsoft.Common.CurrentVersion.targets(5093,5): warning MSB3026: Could not copy "F:\LocalScout 2.0\LocalScout.Infrastructure\bin\Debug\net8.0\LocalScout.Infrastructure.dll" to "bin\Debug\net8.0\LocalScout.Infrastructure.dll". Beginning retry 3 in 1000ms. The process cannot access the file 'F:\LocalScout 2.0\LocalScout.Web\bin\Debug\net8.0\LocalScout.Infrastructure.dll' because it is being used by another process. The file is locked by: "LocalScout.Web (20656)" [F:\LocalScout 2.0\LocalScout.Web\LocalScout.Web.csproj]
C:\Program Files\dotnet\sdk\9.0.308\Microsoft.Common.CurrentVersion.targets(5093,5): warning MSB3026: Could not copy "F:\LocalScout 2.0\LocalScout.Application\bin\Debug\net8.0\LocalScout.Application.dll" to "bin\Debug\net8.0\LocalScout.Application.dll". Beginning retry 4 in 1000ms. The process cannot access the file 'F:\LocalScout 2.0\LocalScout.Web\bin\Debug\net8.0\LocalScout.Application.dll' because it is being used by another process. The file is locked by: "LocalScout.Web (20656)" [F:\LocalScout 2.0\LocalScout.Web\LocalScout.Web.csproj]
C:\Program Files\dotnet\sdk\9.0.308\Microsoft.Common.CurrentVersion.targets(5093,5): warning MSB3026: Could not copy "F:\LocalScout 2.0\LocalScout.Domain\bin\Debug\net8.0\LocalScout.Domain.dll" to "bin\Debug\net8.0\LocalScout.Domain.dll". Beginning retry 4 in 1000ms. The process cannot access the file 'F:\LocalScout 2.0\LocalScout.Web\bin\Debug\net8.0\LocalScout.Domain.dll' because it is being used by another process. The file is locked by: "LocalScout.Web (20656)" [F:\LocalScout 2.0\LocalScout.Web\LocalScout.Web.csproj]
C:\Program Files\dotnet\sdk\9.0.308\Microsoft.Common.CurrentVersion.targets(5093,5): warning MSB3026: Could not copy "F:\LocalScout 2.0\LocalScout.Infrastructure\bin\Debug\net8.0\LocalScout.Infrastructure.dll" to "bin\Debug\net8.0\LocalScout.Infrastructure.dll". Beginning retry 4 in 1000ms. The process cannot access the file 'F:\LocalScout 2.0\LocalScout.Web\bin\Debug\net8.0\LocalScout.Infrastructure.dll' because it is being used by another process. The file is locked by: "LocalScout.Web (20656)" [F:\LocalScout 2.0\LocalScout.Web\LocalScout.Web.csproj]
C:\Program Files\dotnet\sdk\9.0.308\Microsoft.Common.CurrentVersion.targets(5093,5): warning MSB3026: Could not copy "F:\LocalScout 2.0\LocalScout.Domain\bin\Debug\net8.0\LocalScout.Domain.dll" to "bin\Debug\net8.0\LocalScout.Domain.dll". Beginning retry 5 in 1000ms. The process cannot access the file 'F:\LocalScout 2.0\LocalScout.Web\bin\Debug\net8.0\LocalScout.Domain.dll' because it is being used by another process. The file is locked by: "LocalScout.Web (20656)" [F:\LocalScout 2.0\LocalScout.Web\LocalScout.Web.csproj]
C:\Program Files\dotnet\sdk\9.0.308\Microsoft.Common.CurrentVersion.targets(5093,5): warning MSB3026: Could not copy "F:\LocalScout 2.0\LocalScout.Application\bin\Debug\net8.0\LocalScout.Application.dll" to "bin\Debug\net8.0\LocalScout.Application.dll". Beginning retry 5 in 1000ms. The process cannot access the file 'F:\LocalScout 2.0\LocalScout.Web\bin\Debug\net8.0\LocalScout.Application.dll' because it is being used by another process. The file is locked by: "LocalScout.Web (20656)" [F:\LocalScout 2.0\LocalScout.Web\LocalScout.Web.csproj]
C:\Program Files\dotnet\sdk\9.0.308\Microsoft.Common.CurrentVersion.targets(5093,5): warning MSB3026: Could not copy "F:\LocalScout 2.0\LocalScout.Infrastructure\bin\Debug\net8.0\LocalScout.Infrastructure.dll" to "bin\Debug\net8.0\LocalScout.Infrastructure.dll". Beginning retry 5 in 1000ms. The process cannot access the file 'F:\LocalScout 2.0\LocalScout.Web\bin\Debug\net8.0\LocalScout.Infrastructure.dll' because it is being used by another process. The file is locked by: "LocalScout.Web (20656)" [F:\LocalScout 2.0\LocalScout.Web\LocalScout.Web.csproj]
C:\Program Files\dotnet\sdk\9.0.308\Microsoft.Common.CurrentVersion.targets(5093,5): warning MSB3026: Could not copy "F:\LocalScout 2.0\LocalScout.Application\bin\Debug\net8.0\LocalScout.Application.dll" to "bin\Debug\net8.0\LocalScout.Application.dll". Beginning retry 6 in 1000ms. The process cannot access the file 'F:\LocalScout 2.0\LocalScout.Web\bin\Debug\net8.0\LocalScout.Application.dll' because it is being used by another process. The file is locked by: "LocalScout.Web (20656)" [F:\LocalScout 2.0\LocalScout.Web\LocalScout.Web.csproj]
C:\Program Files\dotnet\sdk\9.0.308\Microsoft.Common.CurrentVersion.targets(5093,5): warning MSB3026: Could not copy "F:\LocalScout 2.0\LocalScout.Infrastructure\bin\Debug\net8.0\LocalScout.Infrastructure.dll" to "bin\Debug\net8.0\LocalScout.Infrastructure.dll". Beginning retry 6 in 1000ms. The process cannot access the file 'F:\LocalScout 2.0\LocalScout.Web\bin\Debug\net8.0\LocalScout.Infrastructure.dll' because it is being used by another process. The file is locked by: "LocalScout.Web (20656)" [F:\LocalScout 2.0\LocalScout.Web\LocalScout.Web.csproj]
C:\Program Files\dotnet\sdk\9.0.308\Microsoft.Common.CurrentVersion.targets(5093,5): warning MSB3026: Could not copy "F:\LocalScout 2.0\LocalScout.Domain\bin\Debug\net8.0\LocalScout.Domain.dll" to "bin\Debug\net8.0\LocalScout.Domain.dll". Beginning retry 6 in 1000ms. The process cannot access the file 'F:\LocalScout 2.0\LocalScout.Web\bin\Debug\net8.0\LocalScout.Domain.dll' because it is being used by another process. The file is locked by: "LocalScout.Web (20656)" [F:\LocalScout 2.0\LocalScout.Web\LocalScout.Web.csproj]
C:\Program Files\dotnet\sdk\9.0.308\Microsoft.Common.CurrentVersion.targets(5093,5): warning MSB3026: Could not copy "F:\LocalScout 2.0\LocalScout.Domain\bin\Debug\net8.0\LocalScout.Domain.dll" to "bin\Debug\net8.0\LocalScout.Domain.dll". Beginning retry 7 in 1000ms. The process cannot access the file 'F:\LocalScout 2.0\LocalScout.Web\bin\Debug\net8.0\LocalScout.Domain.dll' because it is being used by another process. The file is locked by: "LocalScout.Web (20656)" [F:\LocalScout 2.0\LocalScout.Web\LocalScout.Web.csproj]
C:\Program Files\dotnet\sdk\9.0.308\Microsoft.Common.CurrentVersion.targets(5093,5): warning MSB3026: Could not copy "F:\LocalScout 2.0\LocalScout.Application\bin\Debug\net8.0\LocalScout.Application.dll" to "bin\Debug\net8.0\LocalScout.Application.dll". Beginning retry 7 in 1000ms. The process cannot access the file 'F:\LocalScout 2.0\LocalScout.Web\bin\Debug\net8.0\LocalScout.Application.dll' because it is being used by another process. The file is locked by: "LocalScout.Web (20656)" [F:\LocalScout 2.0\LocalScout.Web\LocalScout.Web.csproj]
C:\Program Files\dotnet\sdk\9.0.308\Microsoft.Common.CurrentVersion.targets(5093,5): warning MSB3026: Could not copy "F:\LocalScout 2.0\LocalScout.Infrastructure\bin\Debug\net8.0\LocalScout.Infrastructure.dll" to "bin\Debug\net8.0\LocalScout.Infrastructure.dll". Beginning retry 7 in 1000ms. The process cannot access the file 'F:\LocalScout 2.0\LocalScout.Web\bin\Debug\net8.0\LocalScout.Infrastructure.dll' because it is being used by another process. The file is locked by: "LocalScout.Web (20656)" [F:\LocalScout 2.0\LocalScout.Web\LocalScout.Web.csproj]
C:\Program Files\dotnet\sdk\9.0.308\Microsoft.Common.CurrentVersion.targets(5093,5): warning MSB3026: Could not copy "F:\LocalScout 2.0\LocalScout.Domain\bin\Debug\net8.0\LocalScout.Domain.dll" to "bin\Debug\net8.0\LocalScout.Domain.dll". Beginning retry 8 in 1000ms. The process cannot access the file 'F:\LocalScout 2.0\LocalScout.Web\bin\Debug\net8.0\LocalScout.Domain.dll' because it is being used by another process. The file is locked by: "LocalScout.Web (20656)" [F:\LocalScout 2.0\LocalScout.Web\LocalScout.Web.csproj]
C:\Program Files\dotnet\sdk\9.0.308\Microsoft.Common.CurrentVersion.targets(5093,5): warning MSB3026: Could not copy "F:\LocalScout 2.0\LocalScout.Application\bin\Debug\net8.0\LocalScout.Application.dll" to "bin\Debug\net8.0\LocalScout.Application.dll". Beginning retry 8 in 1000ms. The process cannot access the file 'F:\LocalScout 2.0\LocalScout.Web\bin\Debug\net8.0\LocalScout.Application.dll' because it is being used by another process. The file is locked by: "LocalScout.Web (20656)" [F:\LocalScout 2.0\LocalScout.Web\LocalScout.Web.csproj]
C:\Program Files\dotnet\sdk\9.0.308\Microsoft.Common.CurrentVersion.targets(5093,5): warning MSB3026: Could not copy "F:\LocalScout 2.0\LocalScout.Infrastructure\bin\Debug\net8.0\LocalScout.Infrastructure.dll" to "bin\Debug\net8.0\LocalScout.Infrastructure.dll". Beginning retry 8 in 1000ms. The process cannot access the file 'F:\LocalScout 2.0\LocalScout.Web\bin\Debug\net8.0\LocalScout.Infrastructure.dll' because it is being used by another process. The file is locked by: "LocalScout.Web (20656)" [F:\LocalScout 2.0\LocalScout.Web\LocalScout.Web.csproj]
C:\Program Files\dotnet\sdk\9.0.308\Microsoft.Common.CurrentVersion.targets(5093,5): warning MSB3026: Could not copy "F:\LocalScout 2.0\LocalScout.Domain\bin\Debug\net8.0\LocalScout.Domain.dll" to "bin\Debug\net8.0\LocalScout.Domain.dll". Beginning retry 9 in 1000ms. The process cannot access the file 'F:\LocalScout 2.0\LocalScout.Web\bin\Debug\net8.0\LocalScout.Domain.dll' because it is being used by another process. The file is locked by: "LocalScout.Web (20656)" [F:\LocalScout 2.0\LocalScout.Web\LocalScout.Web.csproj]
C:\Program Files\dotnet\sdk\9.0.308\Microsoft.Common.CurrentVersion.targets(5093,5): warning MSB3026: Could not copy "F:\LocalScout 2.0\LocalScout.Infrastructure\bin\Debug\net8.0\LocalScout.Infrastructure.dll" to "bin\Debug\net8.0\LocalScout.Infrastructure.dll". Beginning retry 9 in 1000ms. The process cannot access the file 'F:\LocalScout 2.0\LocalScout.Web\bin\Debug\net8.0\LocalScout.Infrastructure.dll' because it is being used by another process. The file is locked by: "LocalScout.Web (20656)" [F:\LocalScout 2.0\LocalScout.Web\LocalScout.Web.csproj]
C:\Program Files\dotnet\sdk\9.0.308\Microsoft.Common.CurrentVersion.targets(5093,5): warning MSB3026: Could not copy "F:\LocalScout 2.0\LocalScout.Application\bin\Debug\net8.0\LocalScout.Application.dll" to "bin\Debug\net8.0\LocalScout.Application.dll". Beginning retry 9 in 1000ms. The process cannot access the file 'F:\LocalScout 2.0\LocalScout.Web\bin\Debug\net8.0\LocalScout.Application.dll' because it is being used by another process. The file is locked by: "LocalScout.Web (20656)" [F:\LocalScout 2.0\LocalScout.Web\LocalScout.Web.csproj]
C:\Program Files\dotnet\sdk\9.0.308\Microsoft.Common.CurrentVersion.targets(5093,5): warning MSB3026: Could not copy "F:\LocalScout 2.0\LocalScout.Domain\bin\Debug\net8.0\LocalScout.Domain.dll" to "bin\Debug\net8.0\LocalScout.Domain.dll". Beginning retry 10 in 1000ms. The process cannot access the file 'F:\LocalScout 2.0\LocalScout.Web\bin\Debug\net8.0\LocalScout.Domain.dll' because it is being used by another process. The file is locked by: "LocalScout.Web (20656)" [F:\LocalScout 2.0\LocalScout.Web\LocalScout.Web.csproj]
C:\Program Files\dotnet\sdk\9.0.308\Microsoft.Common.CurrentVersion.targets(5093,5): warning MSB3026: Could not copy "F:\LocalScout 2.0\LocalScout.Application\bin\Debug\net8.0\LocalScout.Application.dll" to "bin\Debug\net8.0\LocalScout.Application.dll". Beginning retry 10 in 1000ms. The process cannot access the file 'F:\LocalScout 2.0\LocalScout.Web\bin\Debug\net8.0\LocalScout.Application.dll' because it is being used by another process. The file is locked by: "LocalScout.Web (20656)" [F:\LocalScout 2.0\LocalScout.Web\LocalScout.Web.csproj]
C:\Program Files\dotnet\sdk\9.0.308\Microsoft.Common.CurrentVersion.targets(5093,5): warning MSB3026: Could not copy "F:\LocalScout 2.0\LocalScout.Infrastructure\bin\Debug\net8.0\LocalScout.Infrastructure.dll" to "bin\Debug\net8.0\LocalScout.Infrastructure.dll". Beginning retry 10 in 1000ms. The process cannot access the file 'F:\LocalScout 2.0\LocalScout.Web\bin\Debug\net8.0\LocalScout.Infrastructure.dll' because it is being used by another process. The file is locked by: "LocalScout.Web (20656)" [F:\LocalScout 2.0\LocalScout.Web\LocalScout.Web.csproj]
C:\Program Files\dotnet\sdk\9.0.308\Microsoft.Common.CurrentVersion.targets(5093,5): error MSB3027: Could not copy "F:\LocalScout 2.0\LocalScout.Application\bin\Debug\net8.0\LocalScout.Application.dll" to "bin\Debug\net8.0\LocalScout.Application.dll". Exceeded retry count of 10. Failed. The file is locked by: "LocalScout.Web (20656)" [F:\LocalScout 2.0\LocalScout.Web\LocalScout.Web.csproj]
C:\Program Files\dotnet\sdk\9.0.308\Microsoft.Common.CurrentVersion.targets(5093,5): error MSB3021: Unable to copy file "F:\LocalScout 2.0\LocalScout.Application\bin\Debug\net8.0\LocalScout.Application.dll" to "bin\Debug\net8.0\LocalScout.Application.dll". The process cannot access the file 'F:\LocalScout 2.0\LocalScout.Web\bin\Debug\net8.0\LocalScout.Application.dll' because it is being used by another process. [F:\LocalScout 2.0\LocalScout.Web\LocalScout.Web.csproj]
C:\Program Files\dotnet\sdk\9.0.308\Microsoft.Common.CurrentVersion.targets(5093,5): error MSB3027: Could not copy "F:\LocalScout 2.0\LocalScout.Infrastructure\bin\Debug\net8.0\LocalScout.Infrastructure.dll" to "bin\Debug\net8.0\LocalScout.Infrastructure.dll". Exceeded retry count of 10. Failed. The file is locked by: "LocalScout.Web (20656)" [F:\LocalScout 2.0\LocalScout.Web\LocalScout.Web.csproj]
C:\Program Files\dotnet\sdk\9.0.308\Microsoft.Common.CurrentVersion.targets(5093,5): error MSB3021: Unable to copy file "F:\LocalScout 2.0\LocalScout.Infrastructure\bin\Debug\net8.0\LocalScout.Infrastructure.dll" to "bin\Debug\net8.0\LocalScout.Infrastructure.dll". The process cannot access the file 'F:\LocalScout 2.0\LocalScout.Web\bin\Debug\net8.0\LocalScout.Infrastructure.dll' because it is being used by another process. [F:\LocalScout 2.0\LocalScout.Web\LocalScout.Web.csproj]
C:\Program Files\dotnet\sdk\9.0.308\Microsoft.Common.CurrentVersion.targets(5093,5): error MSB3027: Could not copy "F:\LocalScout 2.0\LocalScout.Domain\bin\Debug\net8.0\LocalScout.Domain.dll" to "bin\Debug\net8.0\LocalScout.Domain.dll". Exceeded retry count of 10. Failed. The file is locked by: "LocalScout.Web (20656)" [F:\LocalScout 2.0\LocalScout.Web\LocalScout.Web.csproj]
C:\Program Files\dotnet\sdk\9.0.308\Microsoft.Common.CurrentVersion.targets(5093,5): error MSB3021: Unable to copy file "F:\LocalScout 2.0\LocalScout.Domain\bin\Debug\net8.0\LocalScout.Domain.dll" to "bin\Debug\net8.0\LocalScout.Domain.dll". The process cannot access the file 'F:\LocalScout 2.0\LocalScout.Web\bin\Debug\net8.0\LocalScout.Domain.dll' because it is being used by another process. [F:\LocalScout 2.0\LocalScout.Web\LocalScout.Web.csproj]

Build FAILED.

C:\Program Files\dotnet\sdk\9.0.308\Microsoft.Common.CurrentVersion.targets(5093,5): warning MSB3026: Could not copy "F:\LocalScout 2.0\LocalScout.Domain\bin\Debug\net8.0\LocalScout.Domain.dll" to "bin\Debug\net8.0\LocalScout.Domain.dll". Beginning retry 1 in 1000ms. The process cannot access the file 'F:\LocalScout 2.0\LocalScout.Web\bin\Debug\net8.0\LocalScout.Domain.dll' because it is being used by another process. The file is locked by: "LocalScout.Web (20656)" [F:\LocalScout 2.0\LocalScout.Web\LocalScout.Web.csproj]
C:\Program Files\dotnet\sdk\9.0.308\Microsoft.Common.CurrentVersion.targets(5093,5): warning MSB3026: Could not copy "F:\LocalScout 2.0\LocalScout.Infrastructure\bin\Debug\net8.0\LocalScout.Infrastructure.dll" to "bin\Debug\net8.0\LocalScout.Infrastructure.dll". Beginning retry 1 in 1000ms. The process cannot access the file 'F:\LocalScout 2.0\LocalScout.Web\bin\Debug\net8.0\LocalScout.Infrastructure.dll' because it is being used by another process. The file is locked by: "LocalScout.Web (20656)" [F:\LocalScout 2.0\LocalScout.Web\LocalScout.Web.csproj]
C:\Program Files\dotnet\sdk\9.0.308\Microsoft.Common.CurrentVersion.targets(5093,5): warning MSB3026: Could not copy "F:\LocalScout 2.0\LocalScout.Application\bin\Debug\net8.0\LocalScout.Application.dll" to "bin\Debug\net8.0\LocalScout.Application.dll". Beginning retry 1 in 1000ms. The process cannot access the file 'F:\LocalScout 2.0\LocalScout.Web\bin\Debug\net8.0\LocalScout.Application.dll' because it is being used by another process. The file is locked by: "LocalScout.Web (20656)" [F:\LocalScout 2.0\LocalScout.Web\LocalScout.Web.csproj]
C:\Program Files\dotnet\sdk\9.0.308\Microsoft.Common.CurrentVersion.targets(5093,5): warning MSB3026: Could not copy "F:\LocalScout 2.0\LocalScout.Application\bin\Debug\net8.0\LocalScout.Application.dll" to "bin\Debug\net8.0\LocalScout.Application.dll". Beginning retry 2 in 1000ms. The process cannot access the file 'F:\LocalScout 2.0\LocalScout.Web\bin\Debug\net8.0\LocalScout.Application.dll' because it is being used by another process. The file is locked by: "LocalScout.Web (20656)" [F:\LocalScout 2.0\LocalScout.Web\LocalScout.Web.csproj]
C:\Program Files\dotnet\sdk\9.0.308\Microsoft.Common.CurrentVersion.targets(5093,5): warning MSB3026: Could not copy "F:\LocalScout 2.0\LocalScout.Infrastructure\bin\Debug\net8.0\LocalScout.Infrastructure.dll" to "bin\Debug\net8.0\LocalScout.Infrastructure.dll". Beginning retry 2 in 1000ms. The process cannot access the file 'F:\LocalScout 2.0\LocalScout.Web\bin\Debug\net8.0\LocalScout.Infrastructure.dll' because it is being used by another process. The file is locked by: "LocalScout.Web (20656)" [F:\LocalScout 2.0\LocalScout.Web\LocalScout.Web.csproj]
C:\Program Files\dotnet\sdk\9.0.308\Microsoft.Common.CurrentVersion.targets(5093,5): warning MSB3026: Could not copy "F:\LocalScout 2.0\LocalScout.Domain\bin\Debug\net8.0\LocalScout.Domain.dll" to "bin\Debug\net8.0\LocalScout.Domain.dll". Beginning retry 2 in 1000ms. The process cannot access the file 'F:\LocalScout 2.0\LocalScout.Web\bin\Debug\net8.0\LocalScout.Domain.dll' because it is being used by another process. The file is locked by: "LocalScout.Web (20656)" [F:\LocalScout 2.0\LocalScout.Web\LocalScout.Web.csproj]
C:\Program Files\dotnet\sdk\9.0.308\Microsoft.Common.CurrentVersion.targets(5093,5): warning MSB3026: Could not copy "F:\LocalScout 2.0\LocalScout.Domain\bin\Debug\net8.0\LocalScout.Domain.dll" to "bin\Debug\net8.0\LocalScout.Domain.dll". Beginning retry 3 in 1000ms. The process cannot access the file 'F:\LocalScout 2.0\LocalScout.Web\bin\Debug\net8.0\LocalScout.Domain.dll' because it is being used by another process. The file is locked by: "LocalScout.Web (20656)" [F:\LocalScout 2.0\LocalScout.Web\LocalScout.Web.csproj]
C:\Program Files\dotnet\sdk\9.0.308\Microsoft.Common.CurrentVersion.targets(5093,5): warning MSB3026: Could not copy "F:\LocalScout 2.0\LocalScout.Application\bin\Debug\net8.0\LocalScout.Application.dll" to "bin\Debug\net8.0\LocalScout.Application.dll". Beginning retry 3 in 1000ms. The process cannot access the file 'F:\LocalScout 2.0\LocalScout.Web\bin\Debug\net8.0\LocalScout.Application.dll' because it is being used by another process. The file is locked by: "LocalScout.Web (20656)" [F:\LocalScout 2.0\LocalScout.Web\LocalScout.Web.csproj]
C:\Program Files\dotnet\sdk\9.0.308\Microsoft.Common.CurrentVersion.targets(5093,5): warning MSB3026: Could not copy "F:\LocalScout 2.0\LocalScout.Infrastructure\bin\Debug\net8.0\LocalScout.Infrastructure.dll" to "bin\Debug\net8.0\LocalScout.Infrastructure.dll". Beginning retry 3 in 1000ms. The process cannot access the file 'F:\LocalScout 2.0\LocalScout.Web\bin\Debug\net8.0\LocalScout.Infrastructure.dll' because it is being used by another process. The file is locked by: "LocalScout.Web (20656)" [F:\LocalScout 2.0\LocalScout.Web\LocalScout.Web.csproj]
C:\Program Files\dotnet\sdk\9.0.308\Microsoft.Common.CurrentVersion.targets(5093,5): warning MSB3026: Could not copy "F:\LocalScout 2.0\LocalScout.Application\bin\Debug\net8.0\LocalScout.Application.dll" to "bin\Debug\net8.0\LocalScout.Application.dll". Beginning retry 4 in 1000ms. The process cannot access the file 'F:\LocalScout 2.0\LocalScout.Web\bin\Debug\net8.0\LocalScout.Application.dll' because it is being used by another process. The file is locked by: "LocalScout.Web (20656)" [F:\LocalScout 2.0\LocalScout.Web\LocalScout.Web.csproj]
C:\Program Files\dotnet\sdk\9.0.308\Microsoft.Common.CurrentVersion.targets(5093,5): warning MSB3026: Could not copy "F:\LocalScout 2.0\LocalScout.Domain\bin\Debug\net8.0\LocalScout.Domain.dll" to "bin\Debug\net8.0\LocalScout.Domain.dll". Beginning retry 4 in 1000ms. The process cannot access the file 'F:\LocalScout 2.0\LocalScout.Web\bin\Debug\net8.0\LocalScout.Domain.dll' because it is being used by another process. The file is locked by: "LocalScout.Web (20656)" [F:\LocalScout 2.0\LocalScout.Web\LocalScout.Web.csproj]
C:\Program Files\dotnet\sdk\9.0.308\Microsoft.Common.CurrentVersion.targets(5093,5): warning MSB3026: Could not copy "F:\LocalScout 2.0\LocalScout.Infrastructure\bin\Debug\net8.0\LocalScout.Infrastructure.dll" to "bin\Debug\net8.0\LocalScout.Infrastructure.dll". Beginning retry 4 in 1000ms. The process cannot access the file 'F:\LocalScout 2.0\LocalScout.Web\bin\Debug\net8.0\LocalScout.Infrastructure.dll' because it is being used by another process. The file is locked by: "LocalScout.Web (20656)" [F:\LocalScout 2.0\LocalScout.Web\LocalScout.Web.csproj]
C:\Program Files\dotnet\sdk\9.0.308\Microsoft.Common.CurrentVersion.targets(5093,5): warning MSB3026: Could not copy "F:\LocalScout 2.0\LocalScout.Domain\bin\Debug\net8.0\LocalScout.Domain.dll" to "bin\Debug\net8.0\LocalScout.Domain.dll". Beginning retry 5 in 1000ms. The process cannot access the file 'F:\LocalScout 2.0\LocalScout.Web\bin\Debug\net8.0\LocalScout.Domain.dll' because it is being used by another process. The file is locked by: "LocalScout.Web (20656)" [F:\LocalScout 2.0\LocalScout.Web\LocalScout.Web.csproj]
C:\Program Files\dotnet\sdk\9.0.308\Microsoft.Common.CurrentVersion.targets(5093,5): warning MSB3026: Could not copy "F:\LocalScout 2.0\LocalScout.Application\bin\Debug\net8.0\LocalScout.Application.dll" to "bin\Debug\net8.0\LocalScout.Application.dll". Beginning retry 5 in 1000ms. The process cannot access the file 'F:\LocalScout 2.0\LocalScout.Web\bin\Debug\net8.0\LocalScout.Application.dll' because it is being used by another process. The file is locked by: "LocalScout.Web (20656)" [F:\LocalScout 2.0\LocalScout.Web\LocalScout.Web.csproj]
C:\Program Files\dotnet\sdk\9.0.308\Microsoft.Common.CurrentVersion.targets(5093,5): warning MSB3026: Could not copy "F:\LocalScout 2.0\LocalScout.Infrastructure\bin\Debug\net8.0\LocalScout.Infrastructure.dll" to "bin\Debug\net8.0\LocalScout.Infrastructure.dll". Beginning retry 5 in 1000ms. The process cannot access the file 'F:\LocalScout 2.0\LocalScout.Web\bin\Debug\net8.0\LocalScout.Infrastructure.dll' because it is being used by another process. The file is locked by: "LocalScout.Web (20656)" [F:\LocalScout 2.0\LocalScout.Web\LocalScout.Web.csproj]
C:\Program Files\dotnet\sdk\9.0.308\Microsoft.Common.CurrentVersion.targets(5093,5): warning MSB3026: Could not copy "F:\LocalScout 2.0\LocalScout.Application\bin\Debug\net8.0\LocalScout.Application.dll" to "bin\Debug\net8.0\LocalScout.Application.dll". Beginning retry 6 in 1000ms. The process cannot access the file 'F:\LocalScout 2.0\LocalScout.Web\bin\Debug\net8.0\LocalScout.Application.dll' because it is being used by another process. The file is locked by: "LocalScout.Web (20656)" [F:\LocalScout 2.0\LocalScout.Web\LocalScout.Web.csproj]
C:\Program Files\dotnet\sdk\9.0.308\Microsoft.Common.CurrentVersion.targets(5093,5): warning MSB3026: Could not copy "F:\LocalScout 2.0\LocalScout.Infrastructure\bin\Debug\net8.0\LocalScout.Infrastructure.dll" to "bin\Debug\net8.0\LocalScout.Infrastructure.dll". Beginning retry 6 in 1000ms. The process cannot access the file 'F:\LocalScout 2.0\LocalScout.Web\bin\Debug\net8.0\LocalScout.Infrastructure.dll' because it is being used by another process. The file is locked by: "LocalScout.Web (20656)" [F:\LocalScout 2.0\LocalScout.Web\LocalScout.Web.csproj]
C:\Program Files\dotnet\sdk\9.0.308\Microsoft.Common.CurrentVersion.targets(5093,5): warning MSB3026: Could not copy "F:\LocalScout 2.0\LocalScout.Domain\bin\Debug\net8.0\LocalScout.Domain.dll" to "bin\Debug\net8.0\LocalScout.Domain.dll". Beginning retry 6 in 1000ms. The process cannot access the file 'F:\LocalScout 2.0\LocalScout.Web\bin\Debug\net8.0\LocalScout.Domain.dll' because it is being used by another process. The file is locked by: "LocalScout.Web (20656)" [F:\LocalScout 2.0\LocalScout.Web\LocalScout.Web.csproj]
C:\Program Files\dotnet\sdk\9.0.308\Microsoft.Common.CurrentVersion.targets(5093,5): warning MSB3026: Could not copy "F:\LocalScout 2.0\LocalScout.Domain\bin\Debug\net8.0\LocalScout.Domain.dll" to "bin\Debug\net8.0\LocalScout.Domain.dll". Beginning retry 7 in 1000ms. The process cannot access the file 'F:\LocalScout 2.0\LocalScout.Web\bin\Debug\net8.0\LocalScout.Domain.dll' because it is being used by another process. The file is locked by: "LocalScout.Web (20656)" [F:\LocalScout 2.0\LocalScout.Web\LocalScout.Web.csproj]
C:\Program Files\dotnet\sdk\9.0.308\Microsoft.Common.CurrentVersion.targets(5093,5): warning MSB3026: Could not copy "F:\LocalScout 2.0\LocalScout.Application\bin\Debug\net8.0\LocalScout.Application.dll" to "bin\Debug\net8.0\LocalScout.Application.dll". Beginning retry 7 in 1000ms. The process cannot access the file 'F:\LocalScout 2.0\LocalScout.Web\bin\Debug\net8.0\LocalScout.Application.dll' because it is being used by another process. The file is locked by: "LocalScout.Web (20656)" [F:\LocalScout 2.0\LocalScout.Web\LocalScout.Web.csproj]
C:\Program Files\dotnet\sdk\9.0.308\Microsoft.Common.CurrentVersion.targets(5093,5): warning MSB3026: Could not copy "F:\LocalScout 2.0\LocalScout.Infrastructure\bin\Debug\net8.0\LocalScout.Infrastructure.dll" to "bin\Debug\net8.0\LocalScout.Infrastructure.dll". Beginning retry 7 in 1000ms. The process cannot access the file 'F:\LocalScout 2.0\LocalScout.Web\bin\Debug\net8.0\LocalScout.Infrastructure.dll' because it is being used by another process. The file is locked by: "LocalScout.Web (20656)" [F:\LocalScout 2.0\LocalScout.Web\LocalScout.Web.csproj]
C:\Program Files\dotnet\sdk\9.0.308\Microsoft.Common.CurrentVersion.targets(5093,5): warning MSB3026: Could not copy "F:\LocalScout 2.0\LocalScout.Domain\bin\Debug\net8.0\LocalScout.Domain.dll" to "bin\Debug\net8.0\LocalScout.Domain.dll". Beginning retry 8 in 1000ms. The process cannot access the file 'F:\LocalScout 2.0\LocalScout.Web\bin\Debug\net8.0\LocalScout.Domain.dll' because it is being used by another process. The file is locked by: "LocalScout.Web (20656)" [F:\LocalScout 2.0\LocalScout.Web\LocalScout.Web.csproj]
C:\Program Files\dotnet\sdk\9.0.308\Microsoft.Common.CurrentVersion.targets(5093,5): warning MSB3026: Could not copy "F:\LocalScout 2.0\LocalScout.Application\bin\Debug\net8.0\LocalScout.Application.dll" to "bin\Debug\net8.0\LocalScout.Application.dll". Beginning retry 8 in 1000ms. The process cannot access the file 'F:\LocalScout 2.0\LocalScout.Web\bin\Debug\net8.0\LocalScout.Application.dll' because it is being used by another process. The file is locked by: "LocalScout.Web (20656)" [F:\LocalScout 2.0\LocalScout.Web\LocalScout.Web.csproj]
C:\Program Files\dotnet\sdk\9.0.308\Microsoft.Common.CurrentVersion.targets(5093,5): warning MSB3026: Could not copy "F:\LocalScout 2.0\LocalScout.Infrastructure\bin\Debug\net8.0\LocalScout.Infrastructure.dll" to "bin\Debug\net8.0\LocalScout.Infrastructure.dll". Beginning retry 8 in 1000ms. The process cannot access the file 'F:\LocalScout 2.0\LocalScout.Web\bin\Debug\net8.0\LocalScout.Infrastructure.dll' because it is being used by another process. The file is locked by: "LocalScout.Web (20656)" [F:\LocalScout 2.0\LocalScout.Web\LocalScout.Web.csproj]
C:\Program Files\dotnet\sdk\9.0.308\Microsoft.Common.CurrentVersion.targets(5093,5): warning MSB3026: Could not copy "F:\LocalScout 2.0\LocalScout.Domain\bin\Debug\net8.0\LocalScout.Domain.dll" to "bin\Debug\net8.0\LocalScout.Domain.dll". Beginning retry 9 in 1000ms. The process cannot access the file 'F:\LocalScout 2.0\LocalScout.Web\bin\Debug\net8.0\LocalScout.Domain.dll' because it is being used by another process. The file is locked by: "LocalScout.Web (20656)" [F:\LocalScout 2.0\LocalScout.Web\LocalScout.Web.csproj]
C:\Program Files\dotnet\sdk\9.0.308\Microsoft.Common.CurrentVersion.targets(5093,5): warning MSB3026: Could not copy "F:\LocalScout 2.0\LocalScout.Infrastructure\bin\Debug\net8.0\LocalScout.Infrastructure.dll" to "bin\Debug\net8.0\LocalScout.Infrastructure.dll". Beginning retry 9 in 1000ms. The process cannot access the file 'F:\LocalScout 2.0\LocalScout.Web\bin\Debug\net8.0\LocalScout.Infrastructure.dll' because it is being used by another process. The file is locked by: "LocalScout.Web (20656)" [F:\LocalScout 2.0\LocalScout.Web\LocalScout.Web.csproj]
C:\Program Files\dotnet\sdk\9.0.308\Microsoft.Common.CurrentVersion.targets(5093,5): warning MSB3026: Could not copy "F:\LocalScout 2.0\LocalScout.Application\bin\Debug\net8.0\LocalScout.Application.dll" to "bin\Debug\net8.0\LocalScout.Application.dll". Beginning retry 9 in 1000ms. The process cannot access the file 'F:\LocalScout 2.0\LocalScout.Web\bin\Debug\net8.0\LocalScout.Application.dll' because it is being used by another process. The file is locked by: "LocalScout.Web (20656)" [F:\LocalScout 2.0\LocalScout.Web\LocalScout.Web.csproj]
C:\Program Files\dotnet\sdk\9.0.308\Microsoft.Common.CurrentVersion.targets(5093,5): warning MSB3026: Could not copy "F:\LocalScout 2.0\LocalScout.Domain\bin\Debug\net8.0\LocalScout.Domain.dll" to "bin\Debug\net8.0\LocalScout.Domain.dll". Beginning retry 10 in 1000ms. The process cannot access the file 'F:\LocalScout 2.0\LocalScout.Web\bin\Debug\net8.0\LocalScout.Domain.dll' because it is being used by another process. The file is locked by: "LocalScout.Web (20656)" [F:\LocalScout 2.0\LocalScout.Web\LocalScout.Web.csproj]
C:\Program Files\dotnet\sdk\9.0.308\Microsoft.Common.CurrentVersion.targets(5093,5): warning MSB3026: Could not copy "F:\LocalScout 2.0\LocalScout.Application\bin\Debug\net8.0\LocalScout.Application.dll" to "bin\Debug\net8.0\LocalScout.Application.dll". Beginning retry 10 in 1000ms. The process cannot access the file 'F:\LocalScout 2.0\LocalScout.Web\bin\Debug\net8.0\LocalScout.Application.dll' because it is being used by another process. The file is locked by: "LocalScout.Web (20656)" [F:\LocalScout 2.0\LocalScout.Web\LocalScout.Web.csproj]
C:\Program Files\dotnet\sdk\9.0.308\Microsoft.Common.CurrentVersion.targets(5093,5): warning MSB3026: Could not copy "F:\LocalScout 2.0\LocalScout.Infrastructure\bin\Debug\net8.0\LocalScout.Infrastructure.dll" to "bin\Debug\net8.0\LocalScout.Infrastructure.dll". Beginning retry 10 in 1000ms. The process cannot access the file 'F:\LocalScout 2.0\LocalScout.Web\bin\Debug\net8.0\LocalScout.Infrastructure.dll' because it is being used by another process. The file is locked by: "LocalScout.Web (20656)" [F:\LocalScout 2.0\LocalScout.Web\LocalScout.Web.csproj]
C:\Program Files\dotnet\sdk\9.0.308\Microsoft.Common.CurrentVersion.targets(5093,5): error MSB3027: Could not copy "F:\LocalScout 2.0\LocalScout.Application\bin\Debug\net8.0\LocalScout.Application.dll" to "bin\Debug\net8.0\LocalScout.Application.dll". Exceeded retry count of 10. Failed. The file is locked by: "LocalScout.Web (20656)" [F:\LocalScout 2.0\LocalScout.Web\LocalScout.Web.csproj]
C:\Program Files\dotnet\sdk\9.0.308\Microsoft.Common.CurrentVersion.targets(5093,5): error MSB3021: Unable to copy file "F:\LocalScout 2.0\LocalScout.Application\bin\Debug\net8.0\LocalScout.Application.dll" to "bin\Debug\net8.0\LocalScout.Application.dll". The process cannot access the file 'F:\LocalScout 2.0\LocalScout.Web\bin\Debug\net8.0\LocalScout.Application.dll' because it is being used by another process. [F:\LocalScout 2.0\LocalScout.Web\LocalScout.Web.csproj]
C:\Program Files\dotnet\sdk\9.0.308\Microsoft.Common.CurrentVersion.targets(5093,5): error MSB3027: Could not copy "F:\LocalScout 2.0\LocalScout.Infrastructure\bin\Debug\net8.0\LocalScout.Infrastructure.dll" to "bin\Debug\net8.0\LocalScout.Infrastructure.dll". Exceeded retry count of 10. Failed. The file is locked by: "LocalScout.Web (20656)" [F:\LocalScout 2.0\LocalScout.Web\LocalScout.Web.csproj]
C:\Program Files\dotnet\sdk\9.0.308\Microsoft.Common.CurrentVersion.targets(5093,5): error MSB3021: Unable to copy file "F:\LocalScout 2.0\LocalScout.Infrastructure\bin\Debug\net8.0\LocalScout.Infrastructure.dll" to "bin\Debug\net8.0\LocalScout.Infrastructure.dll". The process cannot access the file 'F:\LocalScout 2.0\LocalScout.Web\bin\Debug\net8.0\LocalScout.Infrastructure.dll' because it is being used by another process. [F:\LocalScout 2.0\LocalScout.Web\LocalScout.Web.csproj]
C:\Program Files\dotnet\sdk\9.0.308\Microsoft.Common.CurrentVersion.targets(5093,5): error MSB3027: Could not copy "F:\LocalScout 2.0\LocalScout.Domain\bin\Debug\net8.0\LocalScout.Domain.dll" to "bin\Debug\net8.0\LocalScout.Domain.dll". Exceeded retry count of 10. Failed. The file is locked by: "LocalScout.Web (20656)" [F:\LocalScout 2.0\LocalScout.Web\LocalScout.Web.csproj]
C:\Program Files\dotnet\sdk\9.0.308\Microsoft.Common.CurrentVersion.targets(5093,5): error MSB3021: Unable to copy file "F:\LocalScout 2.0\LocalScout.Domain\bin\Debug\net8.0\LocalScout.Domain.dll" to "bin\Debug\net8.0\LocalScout.Domain.dll". The process cannot access the file 'F:\LocalScout 2.0\LocalScout.Web\bin\Debug\net8.0\LocalScout.Domain.dll' because it is being used by another process. [F:\LocalScout 2.0\LocalScout.Web\LocalScout.Web.csproj]
    30 Warning(s)
    6 Error(s)

Time Elapsed 00:00:15.15
